nohup: ignoring input
scraping soins-cheveux
processing page 1
response got success
got inner page response of https://afrotouch-kosmetics.fr/produit/activilong-acticlassic-brillantine-nourrissante-karite-cacao/
file createdcategory_wise_products/soins-cheveux/products/activilong-acticlassic-brillantine-nourrissante-karite-cacao.html
got inner page response of https://afrotouch-kosmetics.fr/produit/activilong-acticurl-apres-shampoing-sublimateur/
file createdcategory_wise_products/soins-cheveux/products/activilong-acticurl-apres-shampoing-sublimateur.html
got inner page response of https://afrotouch-kosmetics.fr/produit/activilong-acticurl-gelee-scrunching/
file createdcategory_wise_products/soins-cheveux/products/activilong-acticurl-gelee-scrunching.html
got inner page response of https://afrotouch-kosmetics.fr/produit/activilong-acticurl-mousse-bouclante/
file createdcategory_wise_products/soins-cheveux/products/activilong-acticurl-mousse-bouclante.html
got inner page response of https://afrotouch-kosmetics.fr/produit/activilong-acticurl-soin-lavant-co-wash/
file createdcategory_wise_products/soins-cheveux/products/activilong-acticurl-soin-lavant-co-wash.html
got inner page response of https://afrotouch-kosmetics.fr/produit/activilong-acticurl-soins-sans-rincage/
file createdcategory_wise_products/soins-cheveux/products/activilong-acticurl-soins-sans-rincage.html
got inner page response of https://afrotouch-kosmetics.fr/produit/activilong-acticurl-spray-activateur-de-boucles/
file createdcategory_wise_products/soins-cheveux/products/activilong-acticurl-spray-activateur-de-boucles.html
got inner page response of https://afrotouch-kosmetics.fr/produit/activilong-actidetox-apres-shampoing-hydratant/
file createdcategory_wise_products/soins-cheveux/products/activilong-actidetox-apres-shampoing-hydratant.html
got inner page response of https://afrotouch-kosmetics.fr/produit/activilong-paris-actidetox-shampooing-purifiant-nettoie-assainit/
file createdcategory_wise_products/soins-cheveux/products/activilong-paris-actidetox-shampooing-purifiant-nettoie-assainit.html
got inner page response of https://afrotouch-kosmetics.fr/produit/activilong-actiforce-brume-assouplissante/
file createdcategory_wise_products/soins-cheveux/products/activilong-actiforce-brume-assouplissante.html
got inner page response of https://afrotouch-kosmetics.fr/produit/creme-soufflee-activilong-actiforce/
file createdcategory_wise_products/soins-cheveux/products/creme-soufflee-activilong-actiforce.html
got inner page response of https://afrotouch-kosmetics.fr/produit/leave-in-actiforce-soin-sans-rincage-activilong/
file createdcategory_wise_products/soins-cheveux/products/leave-in-actiforce-soin-sans-rincage-activilong.html
got inner page response of https://afrotouch-kosmetics.fr/produit/shampooing-fortifiant-activilong-actiforce/
file createdcategory_wise_products/soins-cheveux/products/shampooing-fortifiant-activilong-actiforce.html
got inner page response of https://afrotouch-kosmetics.fr/produit/activilong-actigloss-brume-de-soin-jojoba-macadamia/
file createdcategory_wise_products/soins-cheveux/products/activilong-actigloss-brume-de-soin-jojoba-macadamia.html
got inner page response of https://afrotouch-kosmetics.fr/produit/activilong-actigro-complexe-longueurs-ginseng-hibiscus/
file createdcategory_wise_products/soins-cheveux/products/activilong-actigro-complexe-longueurs-ginseng-hibiscus.html
got inner page response of https://afrotouch-kosmetics.fr/produit/activilong-actigro-complexe-racine-biotine-vitamine-b2/
file createdcategory_wise_products/soins-cheveux/products/activilong-actigro-complexe-racine-biotine-vitamine-b2.html
got inner page response of https://afrotouch-kosmetics.fr/produit/activilong-actigro-serum-fluid-provitamine-b5-ortie-piquante/
file createdcategory_wise_products/soins-cheveux/products/activilong-actigro-serum-fluid-provitamine-b5-ortie-piquante.html
got inner page response of https://afrotouch-kosmetics.fr/produit/serum-riche-croissance-actigro-activilong/
file createdcategory_wise_products/soins-cheveux/products/serum-riche-croissance-actigro-activilong.html
got inner page response of https://afrotouch-kosmetics.fr/produit/activilong-actiliss-shampooing-prolongateur-de-lissage/
file createdcategory_wise_products/soins-cheveux/products/activilong-actiliss-shampooing-prolongateur-de-lissage.html
got inner page response of https://afrotouch-kosmetics.fr/produit/activilong-actirepair-lait-coiffant-reparateur-olive-avocat-nourrit-discipline-cheveux-secs-et-abimes/
file createdcategory_wise_products/soins-cheveux/products/activilong-actirepair-lait-coiffant-reparateur-olive-avocat-nourrit-discipline-cheveux-secs-et-abimes.html
processing page 2
response got success
got inner page response of https://afrotouch-kosmetics.fr/produit/activilong-actirepair-masque-soin-reparateur/
file createdcategory_wise_products/soins-cheveux/products/activilong-actirepair-masque-soin-reparateur.html
got inner page response of https://afrotouch-kosmetics.fr/produit/brume-legere-260ml-coco-damour-2/
file createdcategory_wise_products/soins-cheveux/products/brume-legere-260ml-coco-damour-2.html
got inner page response of https://afrotouch-kosmetics.fr/produit/activilong-coco-damour-baume-fondant/
file createdcategory_wise_products/soins-cheveux/products/activilong-coco-damour-baume-fondant.html
got inner page response of https://afrotouch-kosmetics.fr/produit/activilong-coco-damour-creme-sorbet/
file createdcategory_wise_products/soins-cheveux/products/activilong-coco-damour-creme-sorbet.html
got inner page response of https://afrotouch-kosmetics.fr/produit/activilong-coco-damour-huile-caline/
file createdcategory_wise_products/soins-cheveux/products/activilong-coco-damour-huile-caline.html
got inner page response of https://afrotouch-kosmetics.fr/produit/activilong-paris-coco-damour-baume-fondant/
file createdcategory_wise_products/soins-cheveux/products/activilong-paris-coco-damour-baume-fondant.html
got inner page response of https://afrotouch-kosmetics.fr/produit/complexe-longueurs-ampoules-fortifiantes-2/
file createdcategory_wise_products/soins-cheveux/products/complexe-longueurs-ampoules-fortifiantes-2.html
got inner page response of https://afrotouch-kosmetics.fr/produit/gelee-gourmande-260ml-coco-damour-2/
file createdcategory_wise_products/soins-cheveux/products/gelee-gourmande-260ml-coco-damour-2.html
got inner page response of https://afrotouch-kosmetics.fr/produit/activilong-junior-shampoing/
file createdcategory_wise_products/soins-cheveux/products/activilong-junior-shampoing.html
got inner page response of https://afrotouch-kosmetics.fr/produit/lait-thermo-protecteur-activilong-acticurl-expert/
file createdcategory_wise_products/soins-cheveux/products/lait-thermo-protecteur-activilong-acticurl-expert.html
got inner page response of https://afrotouch-kosmetics.fr/produit/masque-soin-fortifiant-activilong-actiforce/
file createdcategory_wise_products/soins-cheveux/products/masque-soin-fortifiant-activilong-actiforce.html
got inner page response of https://afrotouch-kosmetics.fr/produit/shampooing-activateur-de-boucles-activilong/
file createdcategory_wise_products/soins-cheveux/products/shampooing-activateur-de-boucles-activilong.html
got inner page response of https://afrotouch-kosmetics.fr/produit/shampooing-douceur-250ml-coco-damour/
file createdcategory_wise_products/soins-cheveux/products/shampooing-douceur-250ml-coco-damour.html
got inner page response of https://afrotouch-kosmetics.fr/produit/activilong-shampooing-lissant-ricin-acticlassic/
file createdcategory_wise_products/soins-cheveux/products/activilong-shampooing-lissant-ricin-acticlassic.html
got inner page response of https://afrotouch-kosmetics.fr/produit/activilong-tendre-passion-brume-infusion/
file createdcategory_wise_products/soins-cheveux/products/activilong-tendre-passion-brume-infusion.html
got inner page response of https://afrotouch-kosmetics.fr/produit/activilong-tendre-passion-gelee-fondante/
file createdcategory_wise_products/soins-cheveux/products/activilong-tendre-passion-gelee-fondante.html
got inner page response of https://afrotouch-kosmetics.fr/produit/activilong-tendre-passion-masque-sorbet/
file createdcategory_wise_products/soins-cheveux/products/activilong-tendre-passion-masque-sorbet.html
got inner page response of https://afrotouch-kosmetics.fr/produit/activilong-tendre-passion-mousse-de-maracuja/
file createdcategory_wise_products/soins-cheveux/products/activilong-tendre-passion-mousse-de-maracuja.html
got inner page response of https://afrotouch-kosmetics.fr/produit/activilong-tendre-passion-nuage-de-lait/
file createdcategory_wise_products/soins-cheveux/products/activilong-tendre-passion-nuage-de-lait.html
got inner page response of https://afrotouch-kosmetics.fr/produit/activilong-tendre-passion-passion-butter/
file createdcategory_wise_products/soins-cheveux/products/activilong-tendre-passion-passion-butter.html
processing page 3
response got success
got inner page response of https://afrotouch-kosmetics.fr/produit/activilong-tendre-passion-rincage-eclat/
file createdcategory_wise_products/soins-cheveux/products/activilong-tendre-passion-rincage-eclat.html
got inner page response of https://afrotouch-kosmetics.fr/produit/activilong-tendre-passion-shampooing-fruite/
file createdcategory_wise_products/soins-cheveux/products/activilong-tendre-passion-shampooing-fruite.html
got inner page response of https://afrotouch-kosmetics.fr/produit/activilong-acticlassic-brillantine-coco-ricin/
file createdcategory_wise_products/soins-cheveux/products/activilong-acticlassic-brillantine-coco-ricin.html
got inner page response of https://afrotouch-kosmetics.fr/produit/creme-fouettee-activilong-acticurl-hydra/
file createdcategory_wise_products/soins-cheveux/products/creme-fouettee-activilong-acticurl-hydra.html
got inner page response of https://afrotouch-kosmetics.fr/produit/acticurl-leave-in/
file createdcategory_wise_products/soins-cheveux/products/acticurl-leave-in.html
got inner page response of https://afrotouch-kosmetics.fr/produit/acticurl-serum-definissant/
file createdcategory_wise_products/soins-cheveux/products/acticurl-serum-definissant.html
got inner page response of https://afrotouch-kosmetics.fr/produit/acticurl-shampooing-activateur-de-boucles-300ml/
file createdcategory_wise_products/soins-cheveux/products/acticurl-shampooing-activateur-de-boucles-300ml.html
got inner page response of https://afrotouch-kosmetics.fr/produit/actidetox-gommage-capillaire-au-sucre-de-canne/
file createdcategory_wise_products/soins-cheveux/products/actidetox-gommage-capillaire-au-sucre-de-canne.html
got inner page response of https://afrotouch-kosmetics.fr/produit/actidetox-spray-micellaire-rafraichissant/
file createdcategory_wise_products/soins-cheveux/products/actidetox-spray-micellaire-rafraichissant.html
got inner page response of https://afrotouch-kosmetics.fr/produit/actiforce-bain-dhuiles/
file createdcategory_wise_products/soins-cheveux/products/actiforce-bain-dhuiles.html
got inner page response of https://afrotouch-kosmetics.fr/produit/actikids-apres-shampooing-300ml/
file createdcategory_wise_products/soins-cheveux/products/actikids-apres-shampooing-300ml.html
got inner page response of https://afrotouch-kosmetics.fr/produit/co-wash-creme-lavante/
file createdcategory_wise_products/soins-cheveux/products/co-wash-creme-lavante.html
got inner page response of https://afrotouch-kosmetics.fr/produit/masque-soin-demelant-activilong/
file createdcategory_wise_products/soins-cheveux/products/masque-soin-demelant-activilong.html
got inner page response of https://afrotouch-kosmetics.fr/produit/cowash-creme-lavante-douce-activilong-actiforce/
file createdcategory_wise_products/soins-cheveux/products/cowash-creme-lavante-douce-activilong-actiforce.html
got inner page response of https://afrotouch-kosmetics.fr/produit/activilong-hot-oils-hair-cares-bain-dhuiles-2/
file createdcategory_wise_products/soins-cheveux/products/activilong-hot-oils-hair-cares-bain-dhuiles-2.html
got inner page response of https://afrotouch-kosmetics.fr/produit/huile-scellante-125ml-actiforce-activilong/
file createdcategory_wise_products/soins-cheveux/products/huile-scellante-125ml-actiforce-activilong.html
got inner page response of https://afrotouch-kosmetics.fr/produit/masque-soin-conditionneur-activilong-acticurl-hydra/
file createdcategory_wise_products/soins-cheveux/products/masque-soin-conditionneur-activilong-acticurl-hydra.html
got inner page response of https://afrotouch-kosmetics.fr/produit/activilong-lait-coiffant-nourrissant/
file createdcategory_wise_products/soins-cheveux/products/activilong-lait-coiffant-nourrissant.html
got inner page response of https://afrotouch-kosmetics.fr/produit/activilong-shampooing-protecteur/
file createdcategory_wise_products/soins-cheveux/products/activilong-shampooing-protecteur.html
got inner page response of https://afrotouch-kosmetics.fr/produit/serum-definissant-activilong-acticurl-hydra/
file createdcategory_wise_products/soins-cheveux/products/serum-definissant-activilong-acticurl-hydra.html
processing page 4
response got success
got inner page response of https://afrotouch-kosmetics.fr/produit/serum-lissant-thermo-protecteur/
file createdcategory_wise_products/soins-cheveux/products/serum-lissant-thermo-protecteur.html
got inner page response of https://afrotouch-kosmetics.fr/produit/ti-shampooing-conditionneur-actikids-300ml/
file createdcategory_wise_products/soins-cheveux/products/ti-shampooing-conditionneur-actikids-300ml.html
got inner page response of https://afrotouch-kosmetics.fr/produit/shampooing-activateur-de-boucles-activilong-acticurl-hydra/
file createdcategory_wise_products/soins-cheveux/products/shampooing-activateur-de-boucles-activilong-acticurl-hydra.html
got inner page response of https://afrotouch-kosmetics.fr/produit/shampooing-reparateur-activilong-actirepair/
file createdcategory_wise_products/soins-cheveux/products/shampooing-reparateur-activilong-actirepair.html
got inner page response of https://afrotouch-kosmetics.fr/produit/activilong-shampooing-lissant/
file createdcategory_wise_products/soins-cheveux/products/activilong-shampooing-lissant.html
got inner page response of https://afrotouch-kosmetics.fr/produit/activilong-acticurl-mousse-bouclante-2/
file createdcategory_wise_products/soins-cheveux/products/activilong-acticurl-mousse-bouclante-2.html
got inner page response of https://afrotouch-kosmetics.fr/produit/activilong-coco-damour-mousse-chantilly/
file createdcategory_wise_products/soins-cheveux/products/activilong-coco-damour-mousse-chantilly.html
got inner page response of https://afrotouch-kosmetics.fr/produit/adore-color-71-intense-red-4oz/
file createdcategory_wise_products/soins-cheveux/products/adore-color-71-intense-red-4oz.html
got inner page response of https://afrotouch-kosmetics.fr/produit/africas-best-instant-detangling-conditioner-12-oz/
file createdcategory_wise_products/soins-cheveux/products/africas-best-instant-detangling-conditioner-12-oz.html
got inner page response of https://afrotouch-kosmetics.fr/produit/african-pride-olive-relaxer-kit-super/
file createdcategory_wise_products/soins-cheveux/products/african-pride-olive-relaxer-kit-super.html
got inner page response of https://afrotouch-kosmetics.fr/produit/shea-miracle-moisturizing-milk-african-pride/
file createdcategory_wise_products/soins-cheveux/products/shea-miracle-moisturizing-milk-african-pride.html
got inner page response of https://afrotouch-kosmetics.fr/produit/afro-naturel-crazy-pouss-crazy-curl-gelee-de-definition-de-boucles-pour-cheveux-frises-et-crepus/
file createdcategory_wise_products/soins-cheveux/products/afro-naturel-crazy-pouss-crazy-curl-gelee-de-definition-de-boucles-pour-cheveux-frises-et-crepus.html
got inner page response of https://afrotouch-kosmetics.fr/produit/afro-naturel-crazy-pouss-shampooing-gommant/
file createdcategory_wise_products/soins-cheveux/products/afro-naturel-crazy-pouss-shampooing-gommant.html
got inner page response of https://afrotouch-kosmetics.fr/produit/creme-chantilly-pour-definition-des-boucles-afroricci/
file createdcategory_wise_products/soins-cheveux/products/creme-chantilly-pour-definition-des-boucles-afroricci.html
got inner page response of https://afrotouch-kosmetics.fr/produit/ciao-bellissima-creme-leave-sans-rincage-250-ml/
file createdcategory_wise_products/soins-cheveux/products/ciao-bellissima-creme-leave-sans-rincage-250-ml.html
got inner page response of https://afrotouch-kosmetics.fr/produit/ciao-bellissima-leave-in-250ml/
file createdcategory_wise_products/soins-cheveux/products/ciao-bellissima-leave-in-250ml.html
got inner page response of https://afrotouch-kosmetics.fr/produit/rock-n-curls-conditioner-shampoo-watch-me-shine-effect-250-ml/
file createdcategory_wise_products/soins-cheveux/products/rock-n-curls-conditioner-shampoo-watch-me-shine-effect-250-ml.html
got inner page response of https://afrotouch-kosmetics.fr/produit/rock-n-curls-defining-curls-cream-curls-on-top-250-ml/
file createdcategory_wise_products/soins-cheveux/products/rock-n-curls-defining-curls-cream-curls-on-top-250-ml.html
got inner page response of https://afrotouch-kosmetics.fr/produit/rock-n-curls-shea-butter-balm-butter-my-knots-250-ml/
file createdcategory_wise_products/soins-cheveux/products/rock-n-curls-shea-butter-balm-butter-my-knots-250-ml.html
got inner page response of https://afrotouch-kosmetics.fr/produit/akhaia-natural-cosmetics-soin-aux-plantes-detox-purifie/
file createdcategory_wise_products/soins-cheveux/products/akhaia-natural-cosmetics-soin-aux-plantes-detox-purifie.html
processing page 5
response got success
got inner page response of https://afrotouch-kosmetics.fr/produit/akhaia-natural-cosmetics-soin-aux-plantes-volume-brillance/
file createdcategory_wise_products/soins-cheveux/products/akhaia-natural-cosmetics-soin-aux-plantes-volume-brillance.html
got inner page response of https://afrotouch-kosmetics.fr/produit/aloe-locks-creme-de-mangue/
file createdcategory_wise_products/soins-cheveux/products/aloe-locks-creme-de-mangue.html
got inner page response of https://afrotouch-kosmetics.fr/produit/aloe-locks-gelee-baobab-cheveux-secs-et-ternes/
file createdcategory_wise_products/soins-cheveux/products/aloe-locks-gelee-baobab-cheveux-secs-et-ternes.html
got inner page response of https://afrotouch-kosmetics.fr/produit/easy-pouss-gelee-chanvre/
file createdcategory_wise_products/soins-cheveux/products/easy-pouss-gelee-chanvre.html
got inner page response of https://afrotouch-kosmetics.fr/produit/aloe-locks-hibiscus-brume-ultra-hydratante-super-moisturizing-mist/
file createdcategory_wise_products/soins-cheveux/products/aloe-locks-hibiscus-brume-ultra-hydratante-super-moisturizing-mist.html
got inner page response of https://afrotouch-kosmetics.fr/produit/aloe-locks-hibiscus-mousse-perfection-foam-sans-silicone/
file createdcategory_wise_products/soins-cheveux/products/aloe-locks-hibiscus-mousse-perfection-foam-sans-silicone.html
got inner page response of https://afrotouch-kosmetics.fr/produit/aloe-locks-hibiscus-shamoing-refresf-refresh-shampoo-sans-sulfate-sans-silicone/
file createdcategory_wise_products/soins-cheveux/products/aloe-locks-hibiscus-shamoing-refresf-refresh-shampoo-sans-sulfate-sans-silicone.html
got inner page response of https://afrotouch-kosmetics.fr/produit/huile-dowala-aloe-locks/
file createdcategory_wise_products/soins-cheveux/products/huile-dowala-aloe-locks.html
got inner page response of https://afrotouch-kosmetics.fr/produit/brume-hydratante-aloe-locks/
file createdcategory_wise_products/soins-cheveux/products/brume-hydratante-aloe-locks.html
got inner page response of https://afrotouch-kosmetics.fr/produit/gelee-coco-aloe-locks/
file createdcategory_wise_products/soins-cheveux/products/gelee-coco-aloe-locks.html
got inner page response of https://afrotouch-kosmetics.fr/produit/gelee-mangue-aloe-locks/
file createdcategory_wise_products/soins-cheveux/products/gelee-mangue-aloe-locks.html
got inner page response of https://afrotouch-kosmetics.fr/produit/gelee-papaye-aloe-locks/
file createdcategory_wise_products/soins-cheveux/products/gelee-papaye-aloe-locks.html
got inner page response of https://afrotouch-kosmetics.fr/produit/masque-hydratant-aloe-locks/
file createdcategory_wise_products/soins-cheveux/products/masque-hydratant-aloe-locks.html
got inner page response of https://afrotouch-kosmetics.fr/produit/amalico-batana-oil-pro-natural-250ml/
file createdcategory_wise_products/soins-cheveux/products/amalico-batana-oil-pro-natural-250ml.html
got inner page response of https://afrotouch-kosmetics.fr/produit/amalico-batana-oil-pro-natural-hair-serum-100-ml-3-4-fl-oz/
file createdcategory_wise_products/soins-cheveux/products/amalico-batana-oil-pro-natural-hair-serum-100-ml-3-4-fl-oz.html
got inner page response of https://afrotouch-kosmetics.fr/produit/amalico-batana-oil-pro-natural-shampo-500-ml-16-9-fl-oz/
file createdcategory_wise_products/soins-cheveux/products/amalico-batana-oil-pro-natural-shampo-500-ml-16-9-fl-oz.html
got inner page response of https://afrotouch-kosmetics.fr/produit/amalico-unrefined-hair-cream-360ml/
file createdcategory_wise_products/soins-cheveux/products/amalico-unrefined-hair-cream-360ml.html
got inner page response of https://afrotouch-kosmetics.fr/produit/annie-60-bob-pins-3308/
file createdcategory_wise_products/soins-cheveux/products/annie-60-bob-pins-3308.html
got inner page response of https://afrotouch-kosmetics.fr/produit/annie-dye-brush-2914-large/
file createdcategory_wise_products/soins-cheveux/products/annie-dye-brush-2914-large.html
got inner page response of https://afrotouch-kosmetics.fr/produit/annie-hair-dryer-nozzle-3000/
file createdcategory_wise_products/soins-cheveux/products/annie-hair-dryer-nozzle-3000.html
processing page 6
response got success
got inner page response of https://afrotouch-kosmetics.fr/produit/shampoo-brush-annie/
file createdcategory_wise_products/soins-cheveux/products/shampoo-brush-annie.html
got inner page response of https://afrotouch-kosmetics.fr/produit/as-i-am-coconut-cowash/
file createdcategory_wise_products/soins-cheveux/products/as-i-am-coconut-cowash.html
got inner page response of https://afrotouch-kosmetics.fr/produit/as-i-am-coil-defining-jelly-227g/
file createdcategory_wise_products/soins-cheveux/products/as-i-am-coil-defining-jelly-227g.html
got inner page response of https://afrotouch-kosmetics.fr/produit/as-i-am-curling-jelly/
file createdcategory_wise_products/soins-cheveux/products/as-i-am-curling-jelly.html
got inner page response of https://afrotouch-kosmetics.fr/produit/as-i-am-detangling-conditioner/
file createdcategory_wise_products/soins-cheveux/products/as-i-am-detangling-conditioner.html
got inner page response of https://afrotouch-kosmetics.fr/produit/as-i-am-dry-itchy-scalp-care-leave-in-conditione/
file createdcategory_wise_products/soins-cheveux/products/as-i-am-dry-itchy-scalp-care-leave-in-conditione.html
got inner page response of https://afrotouch-kosmetics.fr/produit/as-i-am-dry-itchy-scalp-care-oil-treatment/
file createdcategory_wise_products/soins-cheveux/products/as-i-am-dry-itchy-scalp-care-oil-treatment.html
got inner page response of https://afrotouch-kosmetics.fr/produit/as-i-am-jbco-conditioner-12oz/
file createdcategory_wise_products/soins-cheveux/products/as-i-am-jbco-conditioner-12oz.html
got inner page response of https://afrotouch-kosmetics.fr/produit/as-i-am-jbco-curling-creme-8oz/
file createdcategory_wise_products/soins-cheveux/products/as-i-am-jbco-curling-creme-8oz.html
got inner page response of https://afrotouch-kosmetics.fr/produit/as-i-am-jbco-smoothie-8oz/
file createdcategory_wise_products/soins-cheveux/products/as-i-am-jbco-smoothie-8oz.html
got inner page response of https://afrotouch-kosmetics.fr/produit/as-i-am-jbco-water-spray-hydratant-avec-ceramide-et-vitamine-c-et-e/
file createdcategory_wise_products/soins-cheveux/products/as-i-am-jbco-water-spray-hydratant-avec-ceramide-et-vitamine-c-et-e.html
got inner page response of https://afrotouch-kosmetics.fr/produit/as-i-am-leave-in-conditioner/
file createdcategory_wise_products/soins-cheveux/products/as-i-am-leave-in-conditioner.html
got inner page response of https://afrotouch-kosmetics.fr/produit/conditioner-masque-fortifiant-355ml-as-i-am-long-luxe/
file createdcategory_wise_products/soins-cheveux/products/conditioner-masque-fortifiant-355ml-as-i-am-long-luxe.html
got inner page response of https://afrotouch-kosmetics.fr/produit/curl-enhancing-smoothie-creme-coiffante-454g-as-i-am-long-luxe/
file createdcategory_wise_products/soins-cheveux/products/curl-enhancing-smoothie-creme-coiffante-454g-as-i-am-long-luxe.html
got inner page response of https://afrotouch-kosmetics.fr/produit/growash-conditioner-lavant-454g-as-i-am-long-luxe/
file createdcategory_wise_products/soins-cheveux/products/growash-conditioner-lavant-454g-as-i-am-long-luxe.html
got inner page response of https://afrotouch-kosmetics.fr/produit/as-i-am-jbco-conditioner-hydratant-et-reparateur-avec-vitamine-c-et-e/
file createdcategory_wise_products/soins-cheveux/products/as-i-am-jbco-conditioner-hydratant-et-reparateur-avec-vitamine-c-et-e.html
got inner page response of https://afrotouch-kosmetics.fr/produit/as-i-am-restore-repair-jbco-curling-cream-creme-coiffante/
file createdcategory_wise_products/soins-cheveux/products/as-i-am-restore-repair-jbco-curling-cream-creme-coiffante.html
got inner page response of https://afrotouch-kosmetics.fr/produit/as-i-am-jbco-masque-hydratant-reparateur-avec-vitamine-c-et-e/
file createdcategory_wise_products/soins-cheveux/products/as-i-am-jbco-masque-hydratant-reparateur-avec-vitamine-c-et-e.html
got inner page response of https://afrotouch-kosmetics.fr/produit/as-i-am-restore-repair-jbco-smoothie-creme-coiffante/
file createdcategory_wise_products/soins-cheveux/products/as-i-am-restore-repair-jbco-smoothie-creme-coiffante.html
got inner page response of https://afrotouch-kosmetics.fr/produit/as-i-am-rosemary-conditioner-apres-shampoing/
file createdcategory_wise_products/soins-cheveux/products/as-i-am-rosemary-conditioner-apres-shampoing.html
processing page 7
response got success
got inner page response of https://afrotouch-kosmetics.fr/produit/as-i-am-rosemary-edge-control-gel-de-fixation-pour-les-temps/
file createdcategory_wise_products/soins-cheveux/products/as-i-am-rosemary-edge-control-gel-de-fixation-pour-les-temps.html
got inner page response of https://afrotouch-kosmetics.fr/produit/as-i-am-rosemary-oil-huile-de-romarin/
file createdcategory_wise_products/soins-cheveux/products/as-i-am-rosemary-oil-huile-de-romarin.html
got inner page response of https://afrotouch-kosmetics.fr/produit/as-i-am-rosemary-water-for-all-hair-types/
file createdcategory_wise_products/soins-cheveux/products/as-i-am-rosemary-water-for-all-hair-types.html
got inner page response of https://afrotouch-kosmetics.fr/produit/as-i-am-rr-apres-shampoing-355ml/
file createdcategory_wise_products/soins-cheveux/products/as-i-am-rr-apres-shampoing-355ml.html
got inner page response of https://afrotouch-kosmetics.fr/produit/as-i-am-so-much-moisture/
file createdcategory_wise_products/soins-cheveux/products/as-i-am-so-much-moisture.html
got inner page response of https://afrotouch-kosmetics.fr/produit/as-i-am-cocoshea-spray/
file createdcategory_wise_products/soins-cheveux/products/as-i-am-cocoshea-spray.html
got inner page response of https://afrotouch-kosmetics.fr/produit/born-curly-gentle-hair-body-cleansing-gel-for-children-240ml/
file createdcategory_wise_products/soins-cheveux/products/born-curly-gentle-hair-body-cleansing-gel-for-children-240ml.html
got inner page response of https://afrotouch-kosmetics.fr/produit/as-i-am-bond-conditioner/
file createdcategory_wise_products/soins-cheveux/products/as-i-am-bond-conditioner.html
got inner page response of https://afrotouch-kosmetics.fr/produit/as-i-am-bond-shampoo/
file createdcategory_wise_products/soins-cheveux/products/as-i-am-bond-shampoo.html
got inner page response of https://afrotouch-kosmetics.fr/produit/as-i-am-classic-coconut-cowash/
file createdcategory_wise_products/soins-cheveux/products/as-i-am-classic-coconut-cowash.html
got inner page response of https://afrotouch-kosmetics.fr/produit/as-i-am-classic-cocoshea-spray/
file createdcategory_wise_products/soins-cheveux/products/as-i-am-classic-cocoshea-spray.html
got inner page response of https://afrotouch-kosmetics.fr/produit/as-i-am-classic-curl-clarity-shampoo/
file createdcategory_wise_products/soins-cheveux/products/as-i-am-classic-curl-clarity-shampoo.html
got inner page response of https://afrotouch-kosmetics.fr/produit/as-i-am-classic-doublebutter-cream/
file createdcategory_wise_products/soins-cheveux/products/as-i-am-classic-doublebutter-cream.html
got inner page response of https://afrotouch-kosmetics.fr/produit/as-i-am-classic-hydration-elation/
file createdcategory_wise_products/soins-cheveux/products/as-i-am-classic-hydration-elation.html
got inner page response of https://afrotouch-kosmetics.fr/produit/as-i-am-classic-smoothing-gel/
file createdcategory_wise_products/soins-cheveux/products/as-i-am-classic-smoothing-gel.html
got inner page response of https://afrotouch-kosmetics.fr/produit/as-i-am-classic-twist-defining-cream/
file createdcategory_wise_products/soins-cheveux/products/as-i-am-classic-twist-defining-cream.html
got inner page response of https://afrotouch-kosmetics.fr/produit/creme-hydratante-cheveux-crepus-boucles-as-i-am-double-butter/
file createdcategory_wise_products/soins-cheveux/products/creme-hydratante-cheveux-crepus-boucles-as-i-am-double-butter.html
got inner page response of https://afrotouch-kosmetics.fr/produit/as-i-am-jamaican-black-castor-oil-shampoo/
file createdcategory_wise_products/soins-cheveux/products/as-i-am-jamaican-black-castor-oil-shampoo.html
got inner page response of https://afrotouch-kosmetics.fr/produit/as-i-am-long-luxe-gro-yogurt/
file createdcategory_wise_products/soins-cheveux/products/as-i-am-long-luxe-gro-yogurt.html
got inner page response of https://afrotouch-kosmetics.fr/produit/aj-grapeseed-recovery-conditioner-15oz/
file createdcategory_wise_products/soins-cheveux/products/aj-grapeseed-recovery-conditioner-15oz.html
processing page 8
response got success
got inner page response of https://afrotouch-kosmetics.fr/produit/aunt-jackies-coco-repair/
file createdcategory_wise_products/soins-cheveux/products/aunt-jackies-coco-repair.html
got inner page response of https://afrotouch-kosmetics.fr/produit/aunt-jackies-coco-wash-coconut-milk-conditioning-cleanser/
file createdcategory_wise_products/soins-cheveux/products/aunt-jackies-coco-wash-coconut-milk-conditioning-cleanser.html
got inner page response of https://afrotouch-kosmetics.fr/produit/aunt-jackies-creme-demelante/
file createdcategory_wise_products/soins-cheveux/products/aunt-jackies-creme-demelante.html
got inner page response of https://afrotouch-kosmetics.fr/produit/curl-boss-coconut-curling-gelee-gel-bouclant-au-coco/
file createdcategory_wise_products/soins-cheveux/products/curl-boss-coconut-curling-gelee-gel-bouclant-au-coco.html
got inner page response of https://afrotouch-kosmetics.fr/produit/aunt-jackies-curl-la-la/
file createdcategory_wise_products/soins-cheveux/products/aunt-jackies-curl-la-la.html
got inner page response of https://afrotouch-kosmetics.fr/produit/aunt-jackies-dont-shrink-flaxseed-elongating-curling-gel-15-oz/
file createdcategory_wise_products/soins-cheveux/products/aunt-jackies-dont-shrink-flaxseed-elongating-curling-gel-15-oz.html
got inner page response of https://afrotouch-kosmetics.fr/produit/aunt-jackies-flaxseed-curl-mane-tenance-defining-curl-whip-426gr/
file createdcategory_wise_products/soins-cheveux/products/aunt-jackies-flaxseed-curl-mane-tenance-defining-curl-whip-426gr.html
got inner page response of https://afrotouch-kosmetics.fr/produit/aunt-jackies-grapseed-ice-curly-glossy-curling-jelly/
file createdcategory_wise_products/soins-cheveux/products/aunt-jackies-grapseed-ice-curly-glossy-curling-jelly.html
got inner page response of https://afrotouch-kosmetics.fr/produit/aunt-jackies-oh-so-clean-moisturizing-softening-shampoo/
file createdcategory_wise_products/soins-cheveux/products/aunt-jackies-oh-so-clean-moisturizing-softening-shampoo.html
got inner page response of https://afrotouch-kosmetics.fr/produit/aunt-jackies-revitalisant-intensif-lin-fix-my-hair-masque/
file createdcategory_wise_products/soins-cheveux/products/aunt-jackies-revitalisant-intensif-lin-fix-my-hair-masque.html
got inner page response of https://afrotouch-kosmetics.fr/produit/avlon-texture-release-protecteur-thermique-120ml/
file createdcategory_wise_products/soins-cheveux/products/avlon-texture-release-protecteur-thermique-120ml.html
Traceback (most recent call last):
  File "main.py", line 83, in <module>
    scrap_and_save(endpoint)
  File "main.py", line 70, in scrap_and_save
    res = requests.get(href).text
  File "/usr/lib/python3.6/site-packages/requests/api.py", line 75, in get
    return request('get', url, params=params, **kwargs)
  File "/usr/lib/python3.6/site-packages/requests/api.py", line 60, in request
    return session.request(method=method, url=url, **kwargs)
  File "/usr/lib/python3.6/site-packages/requests/sessions.py", line 535, in request
    resp = self.send(prep, **send_kwargs)
  File "/usr/lib/python3.6/site-packages/requests/sessions.py", line 670, in send
    history = [resp for resp in gen] if allow_redirects else []
  File "/usr/lib/python3.6/site-packages/requests/sessions.py", line 670, in <listcomp>
    history = [resp for resp in gen] if allow_redirects else []
  File "/usr/lib/python3.6/site-packages/requests/sessions.py", line 165, in resolve_redirects
    raise TooManyRedirects('Exceeded %s redirects.' % self.max_redirects, response=resp)
requests.exceptions.TooManyRedirects: Exceeded 30 redirects.
